<?xml version="1.0" encoding="UTF-8"?>
<TestRun id="db8c2025-ecae-49be-8a30-e14e0551afe8" name="yasio@YASIO-PC 2011-04-14 05:01:20" runUser="yasio-PC\yasio" xmlns="http://microsoft.com/schemas/VisualStudio/TeamTest/2010">
  <TestSettings name="Local" id="558906b2-559f-4748-b406-7690e083dfaf">
    <Description>These are default test settings for a local test run.</Description>
    <Deployment enabled="false" runDeploymentRoot="yasio_YASIO-PC 2011-04-14 05_01_20">
      <DeploymentItem filename="C:\Users\yasio\Desktop\Taxi\trunk\Taxi\BLL\bin\Debug\BLL.dll" />
      <DeploymentItem filename="C:\Users\yasio\Desktop\Taxi\trunk\Taxi\DAL\bin\Debug\DAL.dll" />
    </Deployment>
    <Execution>
      <TestTypeSpecific>
        <UnitTestRunConfig testTypeId="13cdc9d9-ddb5-4fa4-a97d-d965ccfc6d4b">
          <AssemblyResolution>
            <TestDirectory useLoadContext="true" />
          </AssemblyResolution>
        </UnitTestRunConfig>
        <WebTestRunConfiguration testTypeId="4e7599fa-5ecb-43e9-a887-cd63cf72d207">
          <Browser name="Chrome 2" MaxConnections="6">
            <Headers>
              <Header name="User-Agent" value="Mozilla/5.0 (Windows; U; Windows NT 5.1;) AppleWebKit/530.1 (KHTML, like Gecko) Chrome/2.0.169.1 Safari/530.1" />
              <Header name="Accept" value="*/*" />
              <Header name="Accept-Language" value="{{$IEAcceptLanguage}}" />
              <Header name="Accept-Encoding" value="gzip,deflate" />
              <Header name="Accept-Charset" value="ISO-8859-1,*,utf-8" />
            </Headers>
          </Browser>
        </WebTestRunConfiguration>
      </TestTypeSpecific>
      <AgentRule name="LocalMachineDefaultRole">
      </AgentRule>
    </Execution>
  </TestSettings>
  <Times creation="2011-04-14T05:01:20.3179231+02:00" queuing="2011-04-14T05:01:24.7501766+02:00" start="2011-04-14T05:01:25.0521939+02:00" finish="2011-04-14T05:01:29.0044200+02:00" />
  <ResultSummary outcome="Completed">
    <Counters total="3" executed="3" passed="3" error="0" failed="0" timeout="0" aborted="0" inconclusive="0" passedButRunAborted="0" notRunnable="0" notExecuted="0" disconnected="0" warning="0" completed="0" inProgress="0" pending="0" />
  </ResultSummary>
  <TestDefinitions>
    <UnitTest name="TestMethodGetAllTaxiDrivers" storage="c:\users\yasio\desktop\taxi\trunk\taxi\testproject\bin\debug\testproject.dll" id="ccc4c036-a95a-718b-a11b-ea538f7d224c">
      <Execution id="70a4b024-83f5-4f9b-9ae6-b47fb480d6c1" />
      <TestMethod codeBase="C:/Users/yasio/Desktop/Taxi/trunk/Taxi/TestProject/bin/Debug/TestProject.DLL" adapterTypeName="Microsoft.VisualStudio.TestTools.TestTypes.Unit.UnitTestAdapter, Microsoft.VisualStudio.QualityTools.Tips.UnitTest.Adapter, Version=10.0.0.0, Culture=neutral, PublicKeyToken=b03f5f7f11d50a3a" className="TestProject.UnitTest, TestProject, Version=1.0.0.0, Culture=neutral, PublicKeyToken=null" name="TestMethodGetAllTaxiDrivers" />
    </UnitTest>
    <UnitTest name="TestMethodAddTaviDriver" storage="c:\users\yasio\desktop\taxi\trunk\taxi\testproject\bin\debug\testproject.dll" id="a5a3703c-77ad-1a20-74ef-2ff82dd80510">
      <Execution id="513e325e-37e7-4d01-85e9-1246a9894ad1" />
      <TestMethod codeBase="C:/Users/yasio/Desktop/Taxi/trunk/Taxi/TestProject/bin/Debug/TestProject.DLL" adapterTypeName="Microsoft.VisualStudio.TestTools.TestTypes.Unit.UnitTestAdapter, Microsoft.VisualStudio.QualityTools.Tips.UnitTest.Adapter, Version=10.0.0.0, Culture=neutral, PublicKeyToken=b03f5f7f11d50a3a" className="TestProject.UnitTest, TestProject, Version=1.0.0.0, Culture=neutral, PublicKeyToken=null" name="TestMethodAddTaviDriver" />
    </UnitTest>
    <UnitTest name="TestMethodAuthUser" storage="c:\users\yasio\desktop\taxi\trunk\taxi\testproject\bin\debug\testproject.dll" id="3f6ebfc3-e86f-9c0f-e57f-0a943abd7a5a">
      <Execution id="cfca8a68-86cc-4731-a0c1-721c1938b3bd" />
      <TestMethod codeBase="C:/Users/yasio/Desktop/Taxi/trunk/Taxi/TestProject/bin/Debug/TestProject.DLL" adapterTypeName="Microsoft.VisualStudio.TestTools.TestTypes.Unit.UnitTestAdapter, Microsoft.VisualStudio.QualityTools.Tips.UnitTest.Adapter, Version=10.0.0.0, Culture=neutral, PublicKeyToken=b03f5f7f11d50a3a" className="TestProject.UnitTest, TestProject, Version=1.0.0.0, Culture=neutral, PublicKeyToken=null" name="TestMethodAuthUser" />
    </UnitTest>
  </TestDefinitions>
  <TestLists>
    <TestList name="Results Not in a List" id="8c84fa94-04c1-424b-9868-57a2d4851a1d" />
    <TestList name="All Loaded Results" id="19431567-8539-422a-85d7-44ee4e166bda" />
  </TestLists>
  <TestEntries>
    <TestEntry testId="3f6ebfc3-e86f-9c0f-e57f-0a943abd7a5a" executionId="cfca8a68-86cc-4731-a0c1-721c1938b3bd" testListId="8c84fa94-04c1-424b-9868-57a2d4851a1d" />
    <TestEntry testId="a5a3703c-77ad-1a20-74ef-2ff82dd80510" executionId="513e325e-37e7-4d01-85e9-1246a9894ad1" testListId="8c84fa94-04c1-424b-9868-57a2d4851a1d" />
    <TestEntry testId="ccc4c036-a95a-718b-a11b-ea538f7d224c" executionId="70a4b024-83f5-4f9b-9ae6-b47fb480d6c1" testListId="8c84fa94-04c1-424b-9868-57a2d4851a1d" />
  </TestEntries>
  <Results>
    <UnitTestResult executionId="cfca8a68-86cc-4731-a0c1-721c1938b3bd" testId="3f6ebfc3-e86f-9c0f-e57f-0a943abd7a5a" testName="TestMethodAuthUser" computerName="YASIO-PC" duration="00:00:00.9097628" startTime="2011-04-14T05:01:25.1311984+02:00" endTime="2011-04-14T05:01:27.1193121+02:00" testType="13cdc9d9-ddb5-4fa4-a97d-d965ccfc6d4b" outcome="Passed" testListId="8c84fa94-04c1-424b-9868-57a2d4851a1d" relativeResultsDirectory="cfca8a68-86cc-4731-a0c1-721c1938b3bd">
    </UnitTestResult>
    <UnitTestResult executionId="513e325e-37e7-4d01-85e9-1246a9894ad1" testId="a5a3703c-77ad-1a20-74ef-2ff82dd80510" testName="TestMethodAddTaviDriver" computerName="YASIO-PC" duration="00:00:00.1146180" startTime="2011-04-14T05:01:27.1423135+02:00" endTime="2011-04-14T05:01:27.2993224+02:00" testType="13cdc9d9-ddb5-4fa4-a97d-d965ccfc6d4b" outcome="Passed" testListId="8c84fa94-04c1-424b-9868-57a2d4851a1d" relativeResultsDirectory="513e325e-37e7-4d01-85e9-1246a9894ad1">
    </UnitTestResult>
    <UnitTestResult executionId="70a4b024-83f5-4f9b-9ae6-b47fb480d6c1" testId="ccc4c036-a95a-718b-a11b-ea538f7d224c" testName="TestMethodGetAllTaxiDrivers" computerName="YASIO-PC" duration="00:00:00.0558800" startTime="2011-04-14T05:01:27.3313243+02:00" endTime="2011-04-14T05:01:27.4003282+02:00" testType="13cdc9d9-ddb5-4fa4-a97d-d965ccfc6d4b" outcome="Passed" testListId="8c84fa94-04c1-424b-9868-57a2d4851a1d" relativeResultsDirectory="70a4b024-83f5-4f9b-9ae6-b47fb480d6c1">
    </UnitTestResult>
  </Results>
</TestRun>